prisma/seed.ts(2,10): error TS2305: Module '"@prisma/client"' has no exported member 'PrismaClient'.
scripts/seed-admin.ts(15,10): error TS2305: Module '"@prisma/client"' has no exported member 'PrismaClient'.
src/components/ui/demo.tsx(3,38): error TS2307: Cannot find module '@/components/ui/bento-grid' or its corresponding type declarations.
src/components/ui/demo.tsx(11,8): error TS2307: Cannot find module '@radix-ui/react-icons' or its corresponding type declarations.
src/components/ui/shape-landing-hero.tsx(153,29): error TS2322: Type '{ hidden: { opacity: number; y: number; }; visible: (i: number) => { opacity: number; y: number; transition: { duration: number; delay: number; ease: number[]; }; }; }' is not assignable to type 'Variants'.
  Property 'visible' is incompatible with index signature.
    Type '(i: number) => { opacity: number; y: number; transition: { duration: number; delay: number; ease: number[]; }; }' is not assignable to type 'Variant'.
      Type '(i: number) => { opacity: number; y: number; transition: { duration: number; delay: number; ease: number[]; }; }' is not assignable to type 'TargetResolver'.
        Type '{ opacity: number; y: number; transition: { duration: number; delay: number; ease: number[]; }; }' is not assignable to type 'string | TargetAndTransition'.
          Type '{ opacity: number; y: number; transition: { duration: number; delay: number; ease: number[]; }; }' is not assignable to type 'TargetAndTransition'.
            Type '{ opacity: number; y: number; transition: { duration: number; delay: number; ease: number[]; }; }' is not assignable to type '{ transition?: Transition<any> | undefined; transitionEnd?: ResolvedValues$1 | undefined; }'.
              Types of property 'transition' are incompatible.
                Type '{ duration: number; delay: number; ease: number[]; }' is not assignable to type 'Transition<any> | undefined'.
                  Type '{ duration: number; delay: number; ease: number[]; }' is not assignable to type 'TransitionWithValueOverrides<any>'.
                    Type '{ duration: number; delay: number; ease: number[]; }' is not assignable to type 'ValueAnimationTransition<any>'.
                      Types of property 'ease' are incompatible.
                        Type 'number[]' is not assignable to type 'Easing | Easing[] | undefined'.
                          Type 'number[]' is not assignable to type 'EasingFunction | Easing[]'.
                            Type 'number[]' is not assignable to type 'Easing[]'.
                              Type 'number' is not assignable to type 'Easing'.
src/components/ui/shape-landing-hero.tsx(166,29): error TS2322: Type '{ hidden: { opacity: number; y: number; }; visible: (i: number) => { opacity: number; y: number; transition: { duration: number; delay: number; ease: number[]; }; }; }' is not assignable to type 'Variants'.
  Property 'visible' is incompatible with index signature.
    Type '(i: number) => { opacity: number; y: number; transition: { duration: number; delay: number; ease: number[]; }; }' is not assignable to type 'Variant'.
      Type '(i: number) => { opacity: number; y: number; transition: { duration: number; delay: number; ease: number[]; }; }' is not assignable to type 'TargetResolver'.
        Type '{ opacity: number; y: number; transition: { duration: number; delay: number; ease: number[]; }; }' is not assignable to type 'string | TargetAndTransition'.
          Type '{ opacity: number; y: number; transition: { duration: number; delay: number; ease: number[]; }; }' is not assignable to type 'TargetAndTransition'.
            Type '{ opacity: number; y: number; transition: { duration: number; delay: number; ease: number[]; }; }' is not assignable to type '{ transition?: Transition<any> | undefined; transitionEnd?: ResolvedValues$1 | undefined; }'.
              Types of property 'transition' are incompatible.
                Type '{ duration: number; delay: number; ease: number[]; }' is not assignable to type 'Transition<any> | undefined'.
                  Type '{ duration: number; delay: number; ease: number[]; }' is not assignable to type 'TransitionWithValueOverrides<any>'.
                    Type '{ duration: number; delay: number; ease: number[]; }' is not assignable to type 'ValueAnimationTransition<any>'.
                      Types of property 'ease' are incompatible.
                        Type 'number[]' is not assignable to type 'Easing | Easing[] | undefined'.
                          Type 'number[]' is not assignable to type 'EasingFunction | Easing[]'.
                            Type 'number[]' is not assignable to type 'Easing[]'.
                              Type 'number' is not assignable to type 'Easing'.
src/components/ui/shape-landing-hero.tsx(187,29): error TS2322: Type '{ hidden: { opacity: number; y: number; }; visible: (i: number) => { opacity: number; y: number; transition: { duration: number; delay: number; ease: number[]; }; }; }' is not assignable to type 'Variants'.
  Property 'visible' is incompatible with index signature.
    Type '(i: number) => { opacity: number; y: number; transition: { duration: number; delay: number; ease: number[]; }; }' is not assignable to type 'Variant'.
      Type '(i: number) => { opacity: number; y: number; transition: { duration: number; delay: number; ease: number[]; }; }' is not assignable to type 'TargetResolver'.
        Type '{ opacity: number; y: number; transition: { duration: number; delay: number; ease: number[]; }; }' is not assignable to type 'string | TargetAndTransition'.
          Type '{ opacity: number; y: number; transition: { duration: number; delay: number; ease: number[]; }; }' is not assignable to type 'TargetAndTransition'.
            Type '{ opacity: number; y: number; transition: { duration: number; delay: number; ease: number[]; }; }' is not assignable to type '{ transition?: Transition<any> | undefined; transitionEnd?: ResolvedValues$1 | undefined; }'.
              Types of property 'transition' are incompatible.
                Type '{ duration: number; delay: number; ease: number[]; }' is not assignable to type 'Transition<any> | undefined'.
                  Type '{ duration: number; delay: number; ease: number[]; }' is not assignable to type 'TransitionWithValueOverrides<any>'.
                    Type '{ duration: number; delay: number; ease: number[]; }' is not assignable to type 'ValueAnimationTransition<any>'.
                      Types of property 'ease' are incompatible.
                        Type 'number[]' is not assignable to type 'Easing | Easing[] | undefined'.
                          Type 'number[]' is not assignable to type 'EasingFunction | Easing[]'.
                            Type 'number[]' is not assignable to type 'Easing[]'.
                              Type 'number' is not assignable to type 'Easing'.
